Test-output-1:
0
0
Going to sleep
0
Woke up
i-98a2e103
vol-d7801a75
Going to sleep
woke up
Going to sleep
Woke up
Warning: Permanently added '52.91.110.236' (ECDSA) to the list of known hosts.
mke2fs 1.42.12 (29-Aug-2014)
Creating filesystem with 262144 4k blocks and 65536 inodes
Filesystem UUID: 6df5db78-9933-4e86-9c0d-23b117111f0e
Superblock backups stored on blocks: 
	32768, 98304, 163840, 229376

Allocating group tables: done                            
Writing inode tables: done                            
Creating journal (8192 blocks): done
Writing superblocks and filesystem accounting information: done

0
smehta14@avatar:~$ sending incremental file list
sonaltest/
sonaltest/1
sonaltest/2
sonaltest/3
sonaltest/4
sonaltest/5

sent 286 bytes  received 111 bytes  264.67 bytes/sec
total size is 0  speedup is 0.00
---------------------------------------------------------

Test-output-2:

0
0
Going to sleep
0
Woke up
i-3539cfa8
vol-61ee18b0
Going to sleep
woke up
Going to sleep
Woke up
Warning: Permanently added '54.174.192.83' (ECDSA) to the list of known hosts.
mke2fs 1.42.12 (29-Aug-2014)
Creating filesystem with 262144 4k blocks and 65536 inodes
Filesystem UUID: 51241544-9a43-4542-bd18-353455268a97
Superblock backups stored on blocks: 
	32768, 98304, 163840, 229376

Allocating group tables: done                            
Writing inode tables: done                            
Creating journal (8192 blocks): done
Writing superblocks and filesystem accounting information: done

0
smehta14@avatar:~$ sending incremental file list
sonaltest/
sonaltest/000 Introduction to R Programming LiveLessons.mp4
sonaltest/1
sonaltest/2
sonaltest/3
sonaltest/4
sonaltest/5
sonaltest/Cloud%20Computing%20-%20Igor%20Faynberg.pdf
sonaltest/fqo47.Computer.Networking.A.TopDown.Approach.6th.Edition.pdf

sent 63930102 bytes  received 168 bytes  14206726.67 bytes/sec
total size is 63908038  speedup is 1.00

------------------------------------------------------------

Test-output-3:
0
0
Going to sleep
0
Woke up
i-d016e04d
vol-d2dd2b03
Going to sleep
woke up
Going to sleep
Woke up
Warning: Permanently added '54.172.18.68' (ECDSA) to the list of known hosts.
mke2fs 1.42.12 (29-Aug-2014)
Creating filesystem with 262144 4k blocks and 65536 inodes
Filesystem UUID: fdfbba4d-c85f-4ef6-af44-63fe2cb7e189
Superblock backups stored on blocks: 
	32768, 98304, 163840, 229376

Allocating group tables: done                            
Writing inode tables: done                            
Creating journal (8192 blocks): done
Writing superblocks and filesystem accounting information: done

0
smehta14@avatar:~$ sending incremental file list
/home/
/home/smehta14/
/home/smehta14/sonaltest/
/home/smehta14/sonaltest/000 Introduction to R Programming LiveLessons.mp4
/home/smehta14/sonaltest/1
/home/smehta14/sonaltest/2
/home/smehta14/sonaltest/3
/home/smehta14/sonaltest/4
/home/smehta14/sonaltest/5
/home/smehta14/sonaltest/Cloud%20Computing%20-%20Igor%20Faynberg.pdf
/home/smehta14/sonaltest/fqo47.Computer.Networking.A.TopDown.Approach.6th.Edition.pdf
/home/smehta14/sonaltest/New folder/
/home/smehta14/sonaltest/New folder/Cloud%20Computing%20-%20Igor%20Faynberg.pdf
/home/smehta14/sonaltest/New folder/New folder/
/home/smehta14/sonaltest/New folder/New folder/New folder/
/home/smehta14/sonaltest/New folder/New folder/New folder/New folder/
/home/smehta14/sonaltest/New folder/New folder/New folder/New folder/Cloud%20Computing%20-%20Igor%20Faynberg.pdf
/home/smehta14/sonaltest/New folder/New folder/New folder/New folder/New folder/

sent 95072899 bytes  received 234 bytes  17286024.18 bytes/sec
total size is 95039950  speedup is 1.00
